Logging in as test@example.com...
Uploading PDF...
Upload success: {'message': 'Successfully processed secret.pdf. Indexed 1 chunks.'}
Querying for secret code...
Answer: The secret code is BLUE-OMEGA-99.
SUCCESS: RAG retrieved the correct information.
